ThisEscapeArrayElement.java:12:56: compiler.warn.possible.this.escape
1 warning
