ThisEscapeBasic.java:11:23: compiler.warn.possible.this.escape
1 warning
