ThisEscapeRecursion.java:12:23: compiler.warn.possible.this.escape
1 warning
