ThisEscapeThrown.java:12:13: compiler.warn.possible.this.escape
1 warning
