ThisEscapeFields.java:10:47: compiler.warn.possible.this.escape
ThisEscapeFields.java:12:47: compiler.warn.possible.this.escape
2 warnings
