ThisEscapeLambda.java:14:28: compiler.warn.possible.this.escape
1 warning
