ThisEscapeYield.java:21:24: compiler.warn.possible.this.escape
1 warning
