ThisEscapeCtors.java:32:23: compiler.warn.possible.this.escape
ThisEscapeCtors.java:19:13: compiler.warn.possible.this.escape.location
ThisEscapeCtors.java:32:23: compiler.warn.possible.this.escape
ThisEscapeCtors.java:25:13: compiler.warn.possible.this.escape.location
4 warnings
