ThisEscapeReturnValue.java:12:48: compiler.warn.possible.this.escape
1 warning
