ThisEscapeComplex.java:13:33: compiler.warn.possible.this.escape
1 warning
