ThisEscapeLoop.java:20:31: compiler.warn.possible.this.escape
1 warning
